Archive member included because of file (symbol)

d:/iti_es_basics/softwares/01- imt sdk/imt_sdk_win_64/winavr/bin/../lib/gcc/avr/4.3.3/avr5\libgcc.a(_udivmodhi4.o)
                              ./RTOS_Stack/RTOS.o (__udivmodhi4)
d:/iti_es_basics/softwares/01- imt sdk/imt_sdk_win_64/winavr/bin/../lib/gcc/avr/4.3.3/avr5\libgcc.a(_divmodhi4.o)
                              ./HAL/DCMotor/DCMotor.o (__divmodhi4)
d:/iti_es_basics/softwares/01- imt sdk/imt_sdk_win_64/winavr/bin/../lib/gcc/avr/4.3.3/avr5\libgcc.a(_udivmodsi4.o)
                              ./HAL/LCD/LCD.o (__udivmodsi4)
d:/iti_es_basics/softwares/01- imt sdk/imt_sdk_win_64/winavr/bin/../lib/gcc/avr/4.3.3/avr5\libgcc.a(_exit.o)
                              d:/iti_es_basics/softwares/01- imt sdk/imt_sdk_win_64/winavr/bin/../lib/gcc/avr/4.3.3/../../../../avr/lib/avr5/crtm32.o (exit)
d:/iti_es_basics/softwares/01- imt sdk/imt_sdk_win_64/winavr/bin/../lib/gcc/avr/4.3.3/avr5\libgcc.a(_copy_data.o)
                              ./LIB/RTOS/RTOS.o (__do_copy_data)
d:/iti_es_basics/softwares/01- imt sdk/imt_sdk_win_64/winavr/bin/../lib/gcc/avr/4.3.3/avr5\libgcc.a(_clear_bss.o)
                              ./RTOS_Stack/RTOS.o (__do_clear_bss)
d:/iti_es_basics/softwares/01- imt sdk/imt_sdk_win_64/winavr/bin/../lib/gcc/avr/4.3.3/avr5\libgcc.a(_fixunssfsi.o)
                              ./MCAL/TIMER2/TIM2.o (__fixunssfsi)
d:/iti_es_basics/softwares/01- imt sdk/imt_sdk_win_64/winavr/bin/../lib/gcc/avr/4.3.3/avr5\libgcc.a(_addsub_sf.o)
                              d:/iti_es_basics/softwares/01- imt sdk/imt_sdk_win_64/winavr/bin/../lib/gcc/avr/4.3.3/avr5\libgcc.a(_fixunssfsi.o) (__subsf3)
d:/iti_es_basics/softwares/01- imt sdk/imt_sdk_win_64/winavr/bin/../lib/gcc/avr/4.3.3/avr5\libgcc.a(_mul_sf.o)
                              ./MCAL/TIMER2/TIM2.o (__mulsf3)
d:/iti_es_basics/softwares/01- imt sdk/imt_sdk_win_64/winavr/bin/../lib/gcc/avr/4.3.3/avr5\libgcc.a(_div_sf.o)
                              ./MCAL/TIMER2/TIM2.o (__divsf3)
d:/iti_es_basics/softwares/01- imt sdk/imt_sdk_win_64/winavr/bin/../lib/gcc/avr/4.3.3/avr5\libgcc.a(_gt_sf.o)
                              ./HAL/UltraSonic/Ultrasonic.o (__gtsf2)
d:/iti_es_basics/softwares/01- imt sdk/imt_sdk_win_64/winavr/bin/../lib/gcc/avr/4.3.3/avr5\libgcc.a(_ge_sf.o)
                              d:/iti_es_basics/softwares/01- imt sdk/imt_sdk_win_64/winavr/bin/../lib/gcc/avr/4.3.3/avr5\libgcc.a(_fixunssfsi.o) (__gesf2)
d:/iti_es_basics/softwares/01- imt sdk/imt_sdk_win_64/winavr/bin/../lib/gcc/avr/4.3.3/avr5\libgcc.a(_lt_sf.o)
                              ./HAL/UltraSonic/Ultrasonic.o (__ltsf2)
d:/iti_es_basics/softwares/01- imt sdk/imt_sdk_win_64/winavr/bin/../lib/gcc/avr/4.3.3/avr5\libgcc.a(_si_to_sf.o)
                              ./MCAL/TIMER2/TIM2.o (__floatsisf)
d:/iti_es_basics/softwares/01- imt sdk/imt_sdk_win_64/winavr/bin/../lib/gcc/avr/4.3.3/avr5\libgcc.a(_sf_to_si.o)
                              d:/iti_es_basics/softwares/01- imt sdk/imt_sdk_win_64/winavr/bin/../lib/gcc/avr/4.3.3/avr5\libgcc.a(_fixunssfsi.o) (__fixsfsi)
d:/iti_es_basics/softwares/01- imt sdk/imt_sdk_win_64/winavr/bin/../lib/gcc/avr/4.3.3/avr5\libgcc.a(_thenan_sf.o)
                              d:/iti_es_basics/softwares/01- imt sdk/imt_sdk_win_64/winavr/bin/../lib/gcc/avr/4.3.3/avr5\libgcc.a(_addsub_sf.o) (__thenan_sf)
d:/iti_es_basics/softwares/01- imt sdk/imt_sdk_win_64/winavr/bin/../lib/gcc/avr/4.3.3/avr5\libgcc.a(_prologue.o)
                              d:/iti_es_basics/softwares/01- imt sdk/imt_sdk_win_64/winavr/bin/../lib/gcc/avr/4.3.3/avr5\libgcc.a(_addsub_sf.o) (__prologue_saves__)
d:/iti_es_basics/softwares/01- imt sdk/imt_sdk_win_64/winavr/bin/../lib/gcc/avr/4.3.3/avr5\libgcc.a(_epilogue.o)
                              d:/iti_es_basics/softwares/01- imt sdk/imt_sdk_win_64/winavr/bin/../lib/gcc/avr/4.3.3/avr5\libgcc.a(_addsub_sf.o) (__epilogue_restores__)
d:/iti_es_basics/softwares/01- imt sdk/imt_sdk_win_64/winavr/bin/../lib/gcc/avr/4.3.3/avr5\libgcc.a(_clzsi2.o)
                              d:/iti_es_basics/softwares/01- imt sdk/imt_sdk_win_64/winavr/bin/../lib/gcc/avr/4.3.3/avr5\libgcc.a(_si_to_sf.o) (__clzsi2)
d:/iti_es_basics/softwares/01- imt sdk/imt_sdk_win_64/winavr/bin/../lib/gcc/avr/4.3.3/avr5\libgcc.a(_pack_sf.o)
                              d:/iti_es_basics/softwares/01- imt sdk/imt_sdk_win_64/winavr/bin/../lib/gcc/avr/4.3.3/avr5\libgcc.a(_addsub_sf.o) (__pack_f)
d:/iti_es_basics/softwares/01- imt sdk/imt_sdk_win_64/winavr/bin/../lib/gcc/avr/4.3.3/avr5\libgcc.a(_unpack_sf.o)
                              d:/iti_es_basics/softwares/01- imt sdk/imt_sdk_win_64/winavr/bin/../lib/gcc/avr/4.3.3/avr5\libgcc.a(_addsub_sf.o) (__unpack_f)
d:/iti_es_basics/softwares/01- imt sdk/imt_sdk_win_64/winavr/bin/../lib/gcc/avr/4.3.3/avr5\libgcc.a(_fpcmp_parts_sf.o)
                              d:/iti_es_basics/softwares/01- imt sdk/imt_sdk_win_64/winavr/bin/../lib/gcc/avr/4.3.3/avr5\libgcc.a(_gt_sf.o) (__fpcmp_parts_f)
d:/iti_es_basics/softwares/01- imt sdk/imt_sdk_win_64/winavr/bin/../lib/gcc/avr/4.3.3/avr5\libgcc.a(_clz.o)
                              d:/iti_es_basics/softwares/01- imt sdk/imt_sdk_win_64/winavr/bin/../lib/gcc/avr/4.3.3/avr5\libgcc.a(_clzsi2.o) (__clz_tab)
d:/iti_es_basics/softwares/01- imt sdk/imt_sdk_win_64/winavr/bin/../lib/gcc/avr/4.3.3/../../../../avr/lib/avr5\libc.a(strcmp.o)
                              ./LIB/RTOS/RTOS.o (strcmp)
d:/iti_es_basics/softwares/01- imt sdk/imt_sdk_win_64/winavr/bin/../lib/gcc/avr/4.3.3/../../../../avr/lib/avr5\libc.a(strcpy.o)
                              ./LIB/RTOS/RTOS.o (strcpy)

Allocating common symbols
Common symbol       size              file

ICU_pf              0x2               ./MCAL/ICU/ICU.o
TIM0_pfTIM0Cmp      0x2               ./RTOS_Stack/TIM0.o
direction           0x1               ./main.o
TIM0_pfTIM0Ovf      0x2               ./MCAL/TIMER0/TIM0.o
TIM2_pfTIM2Cmp      0x2               ./MCAL/TIMER2/TIM2.o
TIM2_pfTIM2Ovf      0x2               ./MCAL/TIMER2/TIM2.o
RTOS_tasks_array    0xb4              ./LIB/RTOS/RTOS.o
RTOS_arrStrTasks    0xc               ./RTOS_Stack/RTOS.o

Memory Configuration

Name             Origin             Length             Attributes
text             0x00000000         0x00020000         xr
data             0x00800060         0x0000ffa0         rw !x
eeprom           0x00810000         0x00010000         rw !x
fuse             0x00820000         0x00000400         rw !x
lock             0x00830000         0x00000400         rw !x
signature        0x00840000         0x00000400         rw !x
*default*        0x00000000         0xffffffff

Linker script and memory map

LOAD d:/iti_es_basics/softwares/01- imt sdk/imt_sdk_win_64/winavr/bin/../lib/gcc/avr/4.3.3/../../../../avr/lib/avr5/crtm32.o
LOAD ./RTOS_Stack/RTOS.o
LOAD ./RTOS_Stack/TIM0.o
LOAD ./MCAL/TIMER2/TIM2.o
LOAD ./MCAL/TIMER0/TIM0.o
LOAD ./MCAL/INT/INT.o
LOAD ./MCAL/ICU/ICU.o
LOAD ./MCAL/DIO/DIO.o
LOAD ./MCAL/ADC/ADC.o
LOAD ./LIB/RTOS/RTOS.o
LOAD ./HAL/UltraSonic/Ultrasonic.o
LOAD ./HAL/LCD/LCD.o
LOAD ./HAL/DCMotor/DCMotor.o
LOAD ./.metadata/.plugins/org.eclipse.cdt.make.core/specs.o
LOAD ./main.o
LOAD d:/iti_es_basics/softwares/01- imt sdk/imt_sdk_win_64/winavr/bin/../lib/gcc/avr/4.3.3/avr5\libgcc.a
LOAD d:/iti_es_basics/softwares/01- imt sdk/imt_sdk_win_64/winavr/bin/../lib/gcc/avr/4.3.3/../../../../avr/lib/avr5\libc.a
LOAD d:/iti_es_basics/softwares/01- imt sdk/imt_sdk_win_64/winavr/bin/../lib/gcc/avr/4.3.3/avr5\libgcc.a

.hash
 *(.hash)

.dynsym
 *(.dynsym)

.dynstr
 *(.dynstr)

.gnu.version
 *(.gnu.version)

.gnu.version_d
 *(.gnu.version_d)

.gnu.version_r
 *(.gnu.version_r)

.rel.init
 *(.rel.init)

.rela.init
 *(.rela.init)

.rel.text
 *(.rel.text)
 *(.rel.text.*)
 *(.rel.gnu.linkonce.t*)

.rela.text
 *(.rela.text)
 *(.rela.text.*)
 *(.rela.gnu.linkonce.t*)

.rel.fini
 *(.rel.fini)

.rela.fini
 *(.rela.fini)

.rel.rodata
 *(.rel.rodata)
 *(.rel.rodata.*)
 *(.rel.gnu.linkonce.r*)

.rela.rodata
 *(.rela.rodata)
 *(.rela.rodata.*)
 *(.rela.gnu.linkonce.r*)

.rel.data
 *(.rel.data)
 *(.rel.data.*)
 *(.rel.gnu.linkonce.d*)

.rela.data
 *(.rela.data)
 *(.rela.data.*)
 *(.rela.gnu.linkonce.d*)

.rel.ctors
 *(.rel.ctors)

.rela.ctors
 *(.rela.ctors)

.rel.dtors
 *(.rel.dtors)

.rela.dtors
 *(.rela.dtors)

.rel.got
 *(.rel.got)

.rela.got
 *(.rela.got)

.rel.bss
 *(.rel.bss)

.rela.bss
 *(.rela.bss)

.rel.plt
 *(.rel.plt)

.rela.plt
 *(.rela.plt)

.text           0x00000000     0x44b0
 *(.vectors)
 .vectors       0x00000000       0x54 d:/iti_es_basics/softwares/01- imt sdk/imt_sdk_win_64/winavr/bin/../lib/gcc/avr/4.3.3/../../../../avr/lib/avr5/crtm32.o
                0x00000000                __vectors
                0x00000000                __vector_default
 *(.vectors)
 *(.progmem.gcc*)
 *(.progmem*)
                0x00000054                . = ALIGN (0x2)
                0x00000054                __trampolines_start = .
 *(.trampolines)
 .trampolines   0x00000054        0x0 linker stubs
 *(.trampolines*)
                0x00000054                __trampolines_end = .
 *(.jumptables)
 *(.jumptables*)
 *(.lowtext)
 *(.lowtext*)
                0x00000054                __ctors_start = .
 *(.ctors)
                0x00000054                __ctors_end = .
                0x00000054                __dtors_start = .
 *(.dtors)
                0x00000054                __dtors_end = .
 SORT(*)(.ctors)
 SORT(*)(.dtors)
 *(.init0)
 .init0         0x00000054        0x0 d:/iti_es_basics/softwares/01- imt sdk/imt_sdk_win_64/winavr/bin/../lib/gcc/avr/4.3.3/../../../../avr/lib/avr5/crtm32.o
                0x00000054                __init
 *(.init0)
 *(.init1)
 *(.init1)
 *(.init2)
 .init2         0x00000054        0xc d:/iti_es_basics/softwares/01- imt sdk/imt_sdk_win_64/winavr/bin/../lib/gcc/avr/4.3.3/../../../../avr/lib/avr5/crtm32.o
 *(.init2)
 *(.init3)
 *(.init3)
 *(.init4)
 .init4         0x00000060       0x16 d:/iti_es_basics/softwares/01- imt sdk/imt_sdk_win_64/winavr/bin/../lib/gcc/avr/4.3.3/avr5\libgcc.a(_copy_data.o)
                0x00000060                __do_copy_data
 .init4         0x00000076       0x10 d:/iti_es_basics/softwares/01- imt sdk/imt_sdk_win_64/winavr/bin/../lib/gcc/avr/4.3.3/avr5\libgcc.a(_clear_bss.o)
                0x00000076                __do_clear_bss
 *(.init4)
 *(.init5)
 *(.init5)
 *(.init6)
 *(.init6)
 *(.init7)
 *(.init7)
 *(.init8)
 *(.init8)
 *(.init9)
 .init9         0x00000086        0x8 d:/iti_es_basics/softwares/01- imt sdk/imt_sdk_win_64/winavr/bin/../lib/gcc/avr/4.3.3/../../../../avr/lib/avr5/crtm32.o
 *(.init9)
 *(.text)
 .text          0x0000008e        0x4 d:/iti_es_basics/softwares/01- imt sdk/imt_sdk_win_64/winavr/bin/../lib/gcc/avr/4.3.3/../../../../avr/lib/avr5/crtm32.o
                0x0000008e                __vector_1
                0x0000008e                __vector_12
                0x0000008e                __bad_interrupt
                0x0000008e                __vector_3
                0x0000008e                __vector_13
                0x0000008e                __vector_17
                0x0000008e                __vector_19
                0x0000008e                __vector_7
                0x0000008e                __vector_9
                0x0000008e                __vector_2
                0x0000008e                __vector_15
                0x0000008e                __vector_8
                0x0000008e                __vector_14
                0x0000008e                __vector_16
                0x0000008e                __vector_18
                0x0000008e                __vector_20
 .text          0x00000092        0x0 ./RTOS_Stack/RTOS.o
 .text          0x00000092        0x0 ./RTOS_Stack/TIM0.o
 .text          0x00000092        0x0 ./MCAL/TIMER2/TIM2.o
 .text          0x00000092        0x0 ./MCAL/TIMER0/TIM0.o
 .text          0x00000092        0x0 ./MCAL/INT/INT.o
 .text          0x00000092        0x0 ./MCAL/ICU/ICU.o
 .text          0x00000092        0x0 ./MCAL/DIO/DIO.o
 .text          0x00000092        0x0 ./MCAL/ADC/ADC.o
 .text          0x00000092        0x0 ./LIB/RTOS/RTOS.o
 .text          0x00000092        0x0 ./HAL/UltraSonic/Ultrasonic.o
 .text          0x00000092        0x0 ./HAL/LCD/LCD.o
 .text          0x00000092        0x0 ./HAL/DCMotor/DCMotor.o
 .text          0x00000092        0x0 ./.metadata/.plugins/org.eclipse.cdt.make.core/specs.o
 .text          0x00000092        0x0 ./main.o
 .text          0x00000092        0x0 d:/iti_es_basics/softwares/01- imt sdk/imt_sdk_win_64/winavr/bin/../lib/gcc/avr/4.3.3/avr5\libgcc.a(_udivmodhi4.o)
 .text          0x00000092        0x0 d:/iti_es_basics/softwares/01- imt sdk/imt_sdk_win_64/winavr/bin/../lib/gcc/avr/4.3.3/avr5\libgcc.a(_divmodhi4.o)
 .text          0x00000092        0x0 d:/iti_es_basics/softwares/01- imt sdk/imt_sdk_win_64/winavr/bin/../lib/gcc/avr/4.3.3/avr5\libgcc.a(_udivmodsi4.o)
 .text          0x00000092        0x0 d:/iti_es_basics/softwares/01- imt sdk/imt_sdk_win_64/winavr/bin/../lib/gcc/avr/4.3.3/avr5\libgcc.a(_exit.o)
 .text          0x00000092        0x0 d:/iti_es_basics/softwares/01- imt sdk/imt_sdk_win_64/winavr/bin/../lib/gcc/avr/4.3.3/avr5\libgcc.a(_copy_data.o)
 .text          0x00000092        0x0 d:/iti_es_basics/softwares/01- imt sdk/imt_sdk_win_64/winavr/bin/../lib/gcc/avr/4.3.3/avr5\libgcc.a(_clear_bss.o)
 .text          0x00000092       0x58 d:/iti_es_basics/softwares/01- imt sdk/imt_sdk_win_64/winavr/bin/../lib/gcc/avr/4.3.3/avr5\libgcc.a(_fixunssfsi.o)
                0x00000092                __fixunssfsi
 .text          0x000000ea      0x354 d:/iti_es_basics/softwares/01- imt sdk/imt_sdk_win_64/winavr/bin/../lib/gcc/avr/4.3.3/avr5\libgcc.a(_addsub_sf.o)
                0x00000382                __subsf3
                0x000003e4                __addsf3
 .text          0x0000043e      0x1f4 d:/iti_es_basics/softwares/01- imt sdk/imt_sdk_win_64/winavr/bin/../lib/gcc/avr/4.3.3/avr5\libgcc.a(_mul_sf.o)
                0x0000043e                __mulsf3
 .text          0x00000632      0x158 d:/iti_es_basics/softwares/01- imt sdk/imt_sdk_win_64/winavr/bin/../lib/gcc/avr/4.3.3/avr5\libgcc.a(_div_sf.o)
                0x00000632                __divsf3
 .text          0x0000078a       0x60 d:/iti_es_basics/softwares/01- imt sdk/imt_sdk_win_64/winavr/bin/../lib/gcc/avr/4.3.3/avr5\libgcc.a(_gt_sf.o)
                0x0000078a                __gtsf2
 .text          0x000007ea       0x60 d:/iti_es_basics/softwares/01- imt sdk/imt_sdk_win_64/winavr/bin/../lib/gcc/avr/4.3.3/avr5\libgcc.a(_ge_sf.o)
                0x000007ea                __gesf2
 .text          0x0000084a       0x60 d:/iti_es_basics/softwares/01- imt sdk/imt_sdk_win_64/winavr/bin/../lib/gcc/avr/4.3.3/avr5\libgcc.a(_lt_sf.o)
                0x0000084a                __ltsf2
 .text          0x000008aa       0xbc d:/iti_es_basics/softwares/01- imt sdk/imt_sdk_win_64/winavr/bin/../lib/gcc/avr/4.3.3/avr5\libgcc.a(_si_to_sf.o)
                0x000008aa                __floatsisf
 .text          0x00000966       0xa8 d:/iti_es_basics/softwares/01- imt sdk/imt_sdk_win_64/winavr/bin/../lib/gcc/avr/4.3.3/avr5\libgcc.a(_sf_to_si.o)
                0x00000966                __fixsfsi
 .text          0x00000a0e        0x0 d:/iti_es_basics/softwares/01- imt sdk/imt_sdk_win_64/winavr/bin/../lib/gcc/avr/4.3.3/avr5\libgcc.a(_thenan_sf.o)
 .text          0x00000a0e        0x0 d:/iti_es_basics/softwares/01- imt sdk/imt_sdk_win_64/winavr/bin/../lib/gcc/avr/4.3.3/avr5\libgcc.a(_prologue.o)
 .text          0x00000a0e        0x0 d:/iti_es_basics/softwares/01- imt sdk/imt_sdk_win_64/winavr/bin/../lib/gcc/avr/4.3.3/avr5\libgcc.a(_epilogue.o)
 .text          0x00000a0e       0x9e d:/iti_es_basics/softwares/01- imt sdk/imt_sdk_win_64/winavr/bin/../lib/gcc/avr/4.3.3/avr5\libgcc.a(_clzsi2.o)
                0x00000a0e                __clzsi2
 .text          0x00000aac      0x1aa d:/iti_es_basics/softwares/01- imt sdk/imt_sdk_win_64/winavr/bin/../lib/gcc/avr/4.3.3/avr5\libgcc.a(_pack_sf.o)
                0x00000aac                __pack_f
 .text          0x00000c56       0xf0 d:/iti_es_basics/softwares/01- imt sdk/imt_sdk_win_64/winavr/bin/../lib/gcc/avr/4.3.3/avr5\libgcc.a(_unpack_sf.o)
                0x00000c56                __unpack_f
 .text          0x00000d46       0xb2 d:/iti_es_basics/softwares/01- imt sdk/imt_sdk_win_64/winavr/bin/../lib/gcc/avr/4.3.3/avr5\libgcc.a(_fpcmp_parts_sf.o)
                0x00000d46                __fpcmp_parts_f
 .text          0x00000df8        0x0 d:/iti_es_basics/softwares/01- imt sdk/imt_sdk_win_64/winavr/bin/../lib/gcc/avr/4.3.3/avr5\libgcc.a(_clz.o)
 .text          0x00000df8        0x0 d:/iti_es_basics/softwares/01- imt sdk/imt_sdk_win_64/winavr/bin/../lib/gcc/avr/4.3.3/../../../../avr/lib/avr5\libc.a(strcmp.o)
 .text          0x00000df8        0x0 d:/iti_es_basics/softwares/01- imt sdk/imt_sdk_win_64/winavr/bin/../lib/gcc/avr/4.3.3/../../../../avr/lib/avr5\libc.a(strcpy.o)
                0x00000df8                . = ALIGN (0x2)
 *(.text.*)
 .text.RTOS_voidInit
                0x00000df8       0x32 ./RTOS_Stack/RTOS.o
                0x00000df8                RTOS_voidInit
 .text.RTOS_voidCreateTask
                0x00000e2a       0x60 ./RTOS_Stack/RTOS.o
                0x00000e2a                RTOS_voidCreateTask
 .text.Scheduler
                0x00000e8a       0x7e ./RTOS_Stack/RTOS.o
 .text.TIM0_voidInit
                0x00000f08       0x38 ./RTOS_Stack/TIM0.o
                0x00000f08                TIM0_voidInit
 .text.TIM0_voidTimerStart
                0x00000f40       0x32 ./RTOS_Stack/TIM0.o
                0x00000f40                TIM0_voidTimerStart
 .text.TIM0_voidSetCmpValue
                0x00000f72       0x1c ./RTOS_Stack/TIM0.o
                0x00000f72                TIM0_voidSetCmpValue
 .text.TIM0_voidTimerStop
                0x00000f8e       0x1c ./RTOS_Stack/TIM0.o
                0x00000f8e                TIM0_voidTimerStop
 .text.TIM0_voidCmpCallback
                0x00000faa       0x24 ./RTOS_Stack/TIM0.o
                0x00000faa                TIM0_voidCmpCallback
 .text.__vector_10
                0x00000fce       0x5a ./RTOS_Stack/TIM0.o
                0x00000fce                __vector_10
 .text.TIM2_voidInit
                0x00001028       0x2a ./MCAL/TIMER2/TIM2.o
                0x00001028                TIM2_voidInit
 .text.TIM2_voidSetPreValue
                0x00001052       0x1c ./MCAL/TIMER2/TIM2.o
                0x00001052                TIM2_voidSetPreValue
 .text.TIM2_voidTimerStart
                0x0000106e       0x32 ./MCAL/TIMER2/TIM2.o
                0x0000106e                TIM2_voidTimerStart
 .text.TIM2_voidOvrINTControl
                0x000010a0       0x38 ./MCAL/TIMER2/TIM2.o
                0x000010a0                TIM2_voidOvrINTControl
 .text.TIM2_voidSetCompareMat
                0x000010d8       0xc4 ./MCAL/TIMER2/TIM2.o
                0x000010d8                TIM2_voidSetCompareMat
 .text.TIM2_voidPWMGenerator
                0x0000119c      0x122 ./MCAL/TIMER2/TIM2.o
                0x0000119c                TIM2_voidPWMGenerator
 .text.TIM2_voidSetCmpValue
                0x000012be       0x1c ./MCAL/TIMER2/TIM2.o
                0x000012be                TIM2_voidSetCmpValue
 .text.TIM2_voidCmpINTControl
                0x000012da       0x38 ./MCAL/TIMER2/TIM2.o
                0x000012da                TIM2_voidCmpINTControl
 .text.TIM2_voidTimerStop
                0x00001312       0x1c ./MCAL/TIMER2/TIM2.o
                0x00001312                TIM2_voidTimerStop
 .text.TIM2_voidOvfCallback
                0x0000132e       0x24 ./MCAL/TIMER2/TIM2.o
                0x0000132e                TIM2_voidOvfCallback
 .text.TIM2_voidCmpCallback
                0x00001352       0x24 ./MCAL/TIMER2/TIM2.o
                0x00001352                TIM2_voidCmpCallback
 .text.__vector_5
                0x00001376       0x5a ./MCAL/TIMER2/TIM2.o
                0x00001376                __vector_5
 .text.__vector_4
                0x000013d0       0x5a ./MCAL/TIMER2/TIM2.o
                0x000013d0                __vector_4
 .text.TIM0_voidInit
                0x0000142a       0x2a ./MCAL/TIMER0/TIM0.o
 .text.TIM0_voidSetPreValue
                0x00001454       0x1c ./MCAL/TIMER0/TIM0.o
                0x00001454                TIM0_voidSetPreValue
 .text.TIM0_voidTimerStart
                0x00001470       0x32 ./MCAL/TIMER0/TIM0.o
 .text.TIM0_voidOvrINTControl
                0x000014a2       0x38 ./MCAL/TIMER0/TIM0.o
                0x000014a2                TIM0_voidOvrINTControl
 .text.TIM0_voidSetCompareMat
                0x000014da       0xc4 ./MCAL/TIMER0/TIM0.o
                0x000014da                TIM0_voidSetCompareMat
 .text.TIM0_voidPWMGenerator
                0x0000159e      0x122 ./MCAL/TIMER0/TIM0.o
                0x0000159e                TIM0_voidPWMGenerator
 .text.TIM0_voidSetCmpValue
                0x000016c0       0x1c ./MCAL/TIMER0/TIM0.o
 .text.TIM0_voidCmpINTControl
                0x000016dc       0x38 ./MCAL/TIMER0/TIM0.o
                0x000016dc                TIM0_voidCmpINTControl
 .text.TIM0_voidTimerStop
                0x00001714       0x1c ./MCAL/TIMER0/TIM0.o
 .text.TIM0_voidOvfCallback
                0x00001730       0x24 ./MCAL/TIMER0/TIM0.o
                0x00001730                TIM0_voidOvfCallback
 .text.TIM0_voidCmpCallback
                0x00001754       0x24 ./MCAL/TIMER0/TIM0.o
 .text.__vector_11
                0x00001778       0x5a ./MCAL/TIMER0/TIM0.o
                0x00001778                __vector_11
 .text.__vector_10
                0x000017d2       0x5a ./MCAL/TIMER0/TIM0.o
 .text.INT_voidEnable
                0x0000182c      0x228 ./MCAL/INT/INT.o
                0x0000182c                INT_voidEnable
 .text.INT_voidDisable
                0x00001a54       0x6e ./MCAL/INT/INT.o
                0x00001a54                INT_voidDisable
 .text.ICU_voidInit
                0x00001ac2       0x7e ./MCAL/ICU/ICU.o
                0x00001ac2                ICU_voidInit
 .text.ICU_voidChangeTrigger
                0x00001b40       0x56 ./MCAL/ICU/ICU.o
                0x00001b40                ICU_voidChangeTrigger
 .text.ICU_voidSetCallback
                0x00001b96       0x24 ./MCAL/ICU/ICU.o
                0x00001b96                ICU_voidSetCallback
 .text.ICU_u16ReadValue
                0x00001bba       0x16 ./MCAL/ICU/ICU.o
                0x00001bba                ICU_u16ReadValue
 .text.ICU_voidDisableInterrupt
                0x00001bd0       0x1c ./MCAL/ICU/ICU.o
                0x00001bd0                ICU_voidDisableInterrupt
 .text.__vector_6
                0x00001bec       0x5a ./MCAL/ICU/ICU.o
                0x00001bec                __vector_6
 .text.DIO_voidSetPinDirection
                0x00001c46      0x208 ./MCAL/DIO/DIO.o
                0x00001c46                DIO_voidSetPinDirection
 .text.DIO_voidSetPinValue
                0x00001e4e      0x208 ./MCAL/DIO/DIO.o
                0x00001e4e                DIO_voidSetPinValue
 .text.DIO_u8GetPinValue
                0x00002056      0x112 ./MCAL/DIO/DIO.o
                0x00002056                DIO_u8GetPinValue
 .text.DIO_voidSetPortDirection
                0x00002168       0x82 ./MCAL/DIO/DIO.o
                0x00002168                DIO_voidSetPortDirection
 .text.DIO_voidSetPortValue
                0x000021ea       0x82 ./MCAL/DIO/DIO.o
                0x000021ea                DIO_voidSetPortValue
 .text.DIO_voidTogglePin
                0x0000226c       0x18 ./MCAL/DIO/DIO.o
                0x0000226c                DIO_voidTogglePin
 .text.ADC_voidInit
                0x00002284       0x6a ./MCAL/ADC/ADC.o
                0x00002284                ADC_voidInit
 .text.ADC_u16GetDigitalValue
                0x000022ee       0x6c ./MCAL/ADC/ADC.o
                0x000022ee                ADC_u16GetDigitalValue
 .text.ADC_voidDisable
                0x0000235a       0x1c ./MCAL/ADC/ADC.o
                0x0000235a                ADC_voidDisable
 .text.RTOS_create_task
                0x00002376      0x14a ./LIB/RTOS/RTOS.o
                0x00002376                RTOS_create_task
 .text.RTOS_bubble_sort_task
                0x000024c0      0x1ec ./LIB/RTOS/RTOS.o
                0x000024c0                RTOS_bubble_sort_task
 .text.RTOS_schedule
                0x000026ac      0x164 ./LIB/RTOS/RTOS.o
                0x000026ac                RTOS_schedule
 .text.RTOS_set_priority
                0x00002810       0xb6 ./LIB/RTOS/RTOS.o
                0x00002810                RTOS_set_priority
 .text.ULTRASONIC_voidInit
                0x000028c6       0x2e ./HAL/UltraSonic/Ultrasonic.o
                0x000028c6                ULTRASONIC_voidInit
 .text.ULTRASONIC_voidStartTrigger
                0x000028f4      0x1b6 ./HAL/UltraSonic/Ultrasonic.o
                0x000028f4                ULTRASONIC_voidStartTrigger
 .text.ULTRASONIC_TravelTimeCB
                0x00002aaa      0x164 ./HAL/UltraSonic/Ultrasonic.o
                0x00002aaa                ULTRASONIC_TravelTimeCB
 .text.ULTRASONIC_voidReturnDistanceCm
                0x00002c0e       0x72 ./HAL/UltraSonic/Ultrasonic.o
                0x00002c0e                ULTRASONIC_voidReturnDistanceCm
 .text.LCD_voidInit
                0x00002c80      0x5a6 ./HAL/LCD/LCD.o
                0x00002c80                LCD_voidInit
 .text.LCD_voidSendCommand
                0x00003226      0x1d4 ./HAL/LCD/LCD.o
                0x00003226                LCD_voidSendCommand
 .text.LCD_voidSendChar
                0x000033fa      0x1d4 ./HAL/LCD/LCD.o
                0x000033fa                LCD_voidSendChar
 .text.LCD_voidSendString
                0x000035ce       0x52 ./HAL/LCD/LCD.o
                0x000035ce                LCD_voidSendString
 .text.LCD_voidSetLocation
                0x00003620       0x50 ./HAL/LCD/LCD.o
                0x00003620                LCD_voidSetLocation
 .text.LCD_voidSendNumber
                0x00003670       0xda ./HAL/LCD/LCD.o
                0x00003670                LCD_voidSendNumber
 .text.LCD_voidDrawSpecialChar
                0x0000374a      0x1e6 ./HAL/LCD/LCD.o
                0x0000374a                LCD_voidDrawSpecialChar
 .text.LCD_voidSendSpecialChar
                0x00003930       0x1a ./HAL/LCD/LCD.o
                0x00003930                LCD_voidSendSpecialChar
 .text.DCMotor_voidInit
                0x0000394a       0x84 ./HAL/DCMotor/DCMotor.o
                0x0000394a                DCMotor_voidInit
 .text.DCMotor_voidForward
                0x000039ce       0x64 ./HAL/DCMotor/DCMotor.o
                0x000039ce                DCMotor_voidForward
 .text.DCMotor_voidRotRight
                0x00003a32       0x32 ./HAL/DCMotor/DCMotor.o
                0x00003a32                DCMotor_voidRotRight
 .text.DCMotor_voidRotLeft
                0x00003a64       0x32 ./HAL/DCMotor/DCMotor.o
                0x00003a64                DCMotor_voidRotLeft
 .text.DCMotor_voidBackward
                0x00003a96       0x6e ./HAL/DCMotor/DCMotor.o
                0x00003a96                DCMotor_voidBackward
 .text.DCMotor_voidStop
                0x00003b04       0x30 ./HAL/DCMotor/DCMotor.o
                0x00003b04                DCMotor_voidStop
 .text.main     0x00003b34       0x46 ./main.o
                0x00003b34                main
 .text.Task_Ultrasonic
                0x00003b7a       0x36 ./main.o
                0x00003b7a                Task_Ultrasonic
 .text.Task_Motors
                0x00003bb0      0x5be ./main.o
                0x00003bb0                Task_Motors
 .text.Task_LCD
                0x0000416e      0x21e ./main.o
                0x0000416e                Task_LCD
 .text.libgcc   0x0000438c       0x28 d:/iti_es_basics/softwares/01- imt sdk/imt_sdk_win_64/winavr/bin/../lib/gcc/avr/4.3.3/avr5\libgcc.a(_udivmodhi4.o)
                0x0000438c                __udivmodhi4
 .text.libgcc   0x000043b4       0x26 d:/iti_es_basics/softwares/01- imt sdk/imt_sdk_win_64/winavr/bin/../lib/gcc/avr/4.3.3/avr5\libgcc.a(_divmodhi4.o)
                0x000043b4                __divmodhi4
                0x000043b4                _div
 .text.libgcc   0x000043da       0x44 d:/iti_es_basics/softwares/01- imt sdk/imt_sdk_win_64/winavr/bin/../lib/gcc/avr/4.3.3/avr5\libgcc.a(_udivmodsi4.o)
                0x000043da                __udivmodsi4
 .text.libgcc   0x0000441e        0x0 d:/iti_es_basics/softwares/01- imt sdk/imt_sdk_win_64/winavr/bin/../lib/gcc/avr/4.3.3/avr5\libgcc.a(_exit.o)
 .text.libgcc   0x0000441e        0x0 d:/iti_es_basics/softwares/01- imt sdk/imt_sdk_win_64/winavr/bin/../lib/gcc/avr/4.3.3/avr5\libgcc.a(_copy_data.o)
 .text.libgcc   0x0000441e        0x0 d:/iti_es_basics/softwares/01- imt sdk/imt_sdk_win_64/winavr/bin/../lib/gcc/avr/4.3.3/avr5\libgcc.a(_clear_bss.o)
 .text.libgcc   0x0000441e       0x38 d:/iti_es_basics/softwares/01- imt sdk/imt_sdk_win_64/winavr/bin/../lib/gcc/avr/4.3.3/avr5\libgcc.a(_prologue.o)
                0x0000441e                __prologue_saves__
 .text.libgcc   0x00004456       0x36 d:/iti_es_basics/softwares/01- imt sdk/imt_sdk_win_64/winavr/bin/../lib/gcc/avr/4.3.3/avr5\libgcc.a(_epilogue.o)
                0x00004456                __epilogue_restores__
 .text.avr-libc
                0x0000448c       0x12 d:/iti_es_basics/softwares/01- imt sdk/imt_sdk_win_64/winavr/bin/../lib/gcc/avr/4.3.3/../../../../avr/lib/avr5\libc.a(strcmp.o)
                0x0000448c                strcmp
 .text.avr-libc
                0x0000449e        0xe d:/iti_es_basics/softwares/01- imt sdk/imt_sdk_win_64/winavr/bin/../lib/gcc/avr/4.3.3/../../../../avr/lib/avr5\libc.a(strcpy.o)
                0x0000449e                strcpy
                0x000044ac                . = ALIGN (0x2)
 *(.fini9)
 .fini9         0x000044ac        0x0 d:/iti_es_basics/softwares/01- imt sdk/imt_sdk_win_64/winavr/bin/../lib/gcc/avr/4.3.3/avr5\libgcc.a(_exit.o)
                0x000044ac                exit
                0x000044ac                _exit
 *(.fini9)
 *(.fini8)
 *(.fini8)
 *(.fini7)
 *(.fini7)
 *(.fini6)
 *(.fini6)
 *(.fini5)
 *(.fini5)
 *(.fini4)
 *(.fini4)
 *(.fini3)
 *(.fini3)
 *(.fini2)
 *(.fini2)
 *(.fini1)
 *(.fini1)
 *(.fini0)
 .fini0         0x000044ac        0x4 d:/iti_es_basics/softwares/01- imt sdk/imt_sdk_win_64/winavr/bin/../lib/gcc/avr/4.3.3/avr5\libgcc.a(_exit.o)
 *(.fini0)
                0x000044b0                _etext = .

.data           0x00800060      0x16a load address 0x000044b0
                0x00800060                PROVIDE (__data_start, .)
 *(.data)
 .data          0x00800060        0x0 d:/iti_es_basics/softwares/01- imt sdk/imt_sdk_win_64/winavr/bin/../lib/gcc/avr/4.3.3/../../../../avr/lib/avr5/crtm32.o
 .data          0x00800060        0x0 ./RTOS_Stack/RTOS.o
 .data          0x00800060        0x0 ./RTOS_Stack/TIM0.o
 .data          0x00800060        0x0 ./MCAL/TIMER2/TIM2.o
 .data          0x00800060        0x0 ./MCAL/TIMER0/TIM0.o
 .data          0x00800060        0x0 ./MCAL/INT/INT.o
 .data          0x00800060        0x0 ./MCAL/ICU/ICU.o
 .data          0x00800060        0x0 ./MCAL/DIO/DIO.o
 .data          0x00800060        0x0 ./MCAL/ADC/ADC.o
 .data          0x00800060        0x0 ./LIB/RTOS/RTOS.o
 .data          0x00800060        0x0 ./HAL/UltraSonic/Ultrasonic.o
 .data          0x00800060        0x0 ./HAL/LCD/LCD.o
 .data          0x00800060        0x0 ./HAL/DCMotor/DCMotor.o
 .data          0x00800060        0x0 ./.metadata/.plugins/org.eclipse.cdt.make.core/specs.o
 .data          0x00800060       0x5c ./main.o
 .data          0x008000bc        0x0 d:/iti_es_basics/softwares/01- imt sdk/imt_sdk_win_64/winavr/bin/../lib/gcc/avr/4.3.3/avr5\libgcc.a(_udivmodhi4.o)
 .data          0x008000bc        0x0 d:/iti_es_basics/softwares/01- imt sdk/imt_sdk_win_64/winavr/bin/../lib/gcc/avr/4.3.3/avr5\libgcc.a(_divmodhi4.o)
 .data          0x008000bc        0x0 d:/iti_es_basics/softwares/01- imt sdk/imt_sdk_win_64/winavr/bin/../lib/gcc/avr/4.3.3/avr5\libgcc.a(_udivmodsi4.o)
 .data          0x008000bc        0x0 d:/iti_es_basics/softwares/01- imt sdk/imt_sdk_win_64/winavr/bin/../lib/gcc/avr/4.3.3/avr5\libgcc.a(_exit.o)
 .data          0x008000bc        0x0 d:/iti_es_basics/softwares/01- imt sdk/imt_sdk_win_64/winavr/bin/../lib/gcc/avr/4.3.3/avr5\libgcc.a(_copy_data.o)
 .data          0x008000bc        0x0 d:/iti_es_basics/softwares/01- imt sdk/imt_sdk_win_64/winavr/bin/../lib/gcc/avr/4.3.3/avr5\libgcc.a(_clear_bss.o)
 .data          0x008000bc        0x0 d:/iti_es_basics/softwares/01- imt sdk/imt_sdk_win_64/winavr/bin/../lib/gcc/avr/4.3.3/avr5\libgcc.a(_fixunssfsi.o)
 .data          0x008000bc        0x0 d:/iti_es_basics/softwares/01- imt sdk/imt_sdk_win_64/winavr/bin/../lib/gcc/avr/4.3.3/avr5\libgcc.a(_addsub_sf.o)
 .data          0x008000bc        0x0 d:/iti_es_basics/softwares/01- imt sdk/imt_sdk_win_64/winavr/bin/../lib/gcc/avr/4.3.3/avr5\libgcc.a(_mul_sf.o)
 .data          0x008000bc        0x0 d:/iti_es_basics/softwares/01- imt sdk/imt_sdk_win_64/winavr/bin/../lib/gcc/avr/4.3.3/avr5\libgcc.a(_div_sf.o)
 .data          0x008000bc        0x0 d:/iti_es_basics/softwares/01- imt sdk/imt_sdk_win_64/winavr/bin/../lib/gcc/avr/4.3.3/avr5\libgcc.a(_gt_sf.o)
 .data          0x008000bc        0x0 d:/iti_es_basics/softwares/01- imt sdk/imt_sdk_win_64/winavr/bin/../lib/gcc/avr/4.3.3/avr5\libgcc.a(_ge_sf.o)
 .data          0x008000bc        0x0 d:/iti_es_basics/softwares/01- imt sdk/imt_sdk_win_64/winavr/bin/../lib/gcc/avr/4.3.3/avr5\libgcc.a(_lt_sf.o)
 .data          0x008000bc        0x0 d:/iti_es_basics/softwares/01- imt sdk/imt_sdk_win_64/winavr/bin/../lib/gcc/avr/4.3.3/avr5\libgcc.a(_si_to_sf.o)
 .data          0x008000bc        0x0 d:/iti_es_basics/softwares/01- imt sdk/imt_sdk_win_64/winavr/bin/../lib/gcc/avr/4.3.3/avr5\libgcc.a(_sf_to_si.o)
 .data          0x008000bc        0x8 d:/iti_es_basics/softwares/01- imt sdk/imt_sdk_win_64/winavr/bin/../lib/gcc/avr/4.3.3/avr5\libgcc.a(_thenan_sf.o)
                0x008000bc                __thenan_sf
 .data          0x008000c4        0x0 d:/iti_es_basics/softwares/01- imt sdk/imt_sdk_win_64/winavr/bin/../lib/gcc/avr/4.3.3/avr5\libgcc.a(_prologue.o)
 .data          0x008000c4        0x0 d:/iti_es_basics/softwares/01- imt sdk/imt_sdk_win_64/winavr/bin/../lib/gcc/avr/4.3.3/avr5\libgcc.a(_epilogue.o)
 .data          0x008000c4        0x0 d:/iti_es_basics/softwares/01- imt sdk/imt_sdk_win_64/winavr/bin/../lib/gcc/avr/4.3.3/avr5\libgcc.a(_clzsi2.o)
 .data          0x008000c4        0x0 d:/iti_es_basics/softwares/01- imt sdk/imt_sdk_win_64/winavr/bin/../lib/gcc/avr/4.3.3/avr5\libgcc.a(_pack_sf.o)
 .data          0x008000c4        0x0 d:/iti_es_basics/softwares/01- imt sdk/imt_sdk_win_64/winavr/bin/../lib/gcc/avr/4.3.3/avr5\libgcc.a(_unpack_sf.o)
 .data          0x008000c4        0x0 d:/iti_es_basics/softwares/01- imt sdk/imt_sdk_win_64/winavr/bin/../lib/gcc/avr/4.3.3/avr5\libgcc.a(_fpcmp_parts_sf.o)
 .data          0x008000c4      0x100 d:/iti_es_basics/softwares/01- imt sdk/imt_sdk_win_64/winavr/bin/../lib/gcc/avr/4.3.3/avr5\libgcc.a(_clz.o)
                0x008000c4                __clz_tab
 .data          0x008001c4        0x0 d:/iti_es_basics/softwares/01- imt sdk/imt_sdk_win_64/winavr/bin/../lib/gcc/avr/4.3.3/../../../../avr/lib/avr5\libc.a(strcmp.o)
 .data          0x008001c4        0x0 d:/iti_es_basics/softwares/01- imt sdk/imt_sdk_win_64/winavr/bin/../lib/gcc/avr/4.3.3/../../../../avr/lib/avr5\libc.a(strcpy.o)
 *(.data*)
 .data.RTOS_running_task
                0x008001c4        0x5 ./LIB/RTOS/RTOS.o
                0x008001c4                RTOS_running_task
 *(.rodata)
 *(.rodata*)
 *(.gnu.linkonce.d*)
                0x008001ca                . = ALIGN (0x2)
 *fill*         0x008001c9        0x1 00
                0x008001ca                _edata = .
                0x008001ca                PROVIDE (__data_end, .)

.bss            0x008001ca       0xdb
                0x008001ca                PROVIDE (__bss_start, .)
 *(.bss)
 .bss           0x008001ca        0x0 d:/iti_es_basics/softwares/01- imt sdk/imt_sdk_win_64/winavr/bin/../lib/gcc/avr/4.3.3/../../../../avr/lib/avr5/crtm32.o
 .bss           0x008001ca        0x0 ./RTOS_Stack/RTOS.o
 .bss           0x008001ca        0x0 ./RTOS_Stack/TIM0.o
 .bss           0x008001ca        0x0 ./MCAL/TIMER2/TIM2.o
 .bss           0x008001ca        0x0 ./MCAL/TIMER0/TIM0.o
 .bss           0x008001ca        0x0 ./MCAL/INT/INT.o
 .bss           0x008001ca        0x0 ./MCAL/ICU/ICU.o
 .bss           0x008001ca        0x0 ./MCAL/DIO/DIO.o
 .bss           0x008001ca        0x0 ./MCAL/ADC/ADC.o
 .bss           0x008001ca        0x0 ./LIB/RTOS/RTOS.o
 .bss           0x008001ca        0x0 ./HAL/UltraSonic/Ultrasonic.o
 .bss           0x008001ca        0x0 ./HAL/LCD/LCD.o
 .bss           0x008001ca        0x0 ./HAL/DCMotor/DCMotor.o
 .bss           0x008001ca        0x0 ./.metadata/.plugins/org.eclipse.cdt.make.core/specs.o
 .bss           0x008001ca        0x0 ./main.o
 .bss           0x008001ca        0x0 d:/iti_es_basics/softwares/01- imt sdk/imt_sdk_win_64/winavr/bin/../lib/gcc/avr/4.3.3/avr5\libgcc.a(_udivmodhi4.o)
 .bss           0x008001ca        0x0 d:/iti_es_basics/softwares/01- imt sdk/imt_sdk_win_64/winavr/bin/../lib/gcc/avr/4.3.3/avr5\libgcc.a(_divmodhi4.o)
 .bss           0x008001ca        0x0 d:/iti_es_basics/softwares/01- imt sdk/imt_sdk_win_64/winavr/bin/../lib/gcc/avr/4.3.3/avr5\libgcc.a(_udivmodsi4.o)
 .bss           0x008001ca        0x0 d:/iti_es_basics/softwares/01- imt sdk/imt_sdk_win_64/winavr/bin/../lib/gcc/avr/4.3.3/avr5\libgcc.a(_exit.o)
 .bss           0x008001ca        0x0 d:/iti_es_basics/softwares/01- imt sdk/imt_sdk_win_64/winavr/bin/../lib/gcc/avr/4.3.3/avr5\libgcc.a(_copy_data.o)
 .bss           0x008001ca        0x0 d:/iti_es_basics/softwares/01- imt sdk/imt_sdk_win_64/winavr/bin/../lib/gcc/avr/4.3.3/avr5\libgcc.a(_clear_bss.o)
 .bss           0x008001ca        0x0 d:/iti_es_basics/softwares/01- imt sdk/imt_sdk_win_64/winavr/bin/../lib/gcc/avr/4.3.3/avr5\libgcc.a(_fixunssfsi.o)
 .bss           0x008001ca        0x0 d:/iti_es_basics/softwares/01- imt sdk/imt_sdk_win_64/winavr/bin/../lib/gcc/avr/4.3.3/avr5\libgcc.a(_addsub_sf.o)
 .bss           0x008001ca        0x0 d:/iti_es_basics/softwares/01- imt sdk/imt_sdk_win_64/winavr/bin/../lib/gcc/avr/4.3.3/avr5\libgcc.a(_mul_sf.o)
 .bss           0x008001ca        0x0 d:/iti_es_basics/softwares/01- imt sdk/imt_sdk_win_64/winavr/bin/../lib/gcc/avr/4.3.3/avr5\libgcc.a(_div_sf.o)
 .bss           0x008001ca        0x0 d:/iti_es_basics/softwares/01- imt sdk/imt_sdk_win_64/winavr/bin/../lib/gcc/avr/4.3.3/avr5\libgcc.a(_gt_sf.o)
 .bss           0x008001ca        0x0 d:/iti_es_basics/softwares/01- imt sdk/imt_sdk_win_64/winavr/bin/../lib/gcc/avr/4.3.3/avr5\libgcc.a(_ge_sf.o)
 .bss           0x008001ca        0x0 d:/iti_es_basics/softwares/01- imt sdk/imt_sdk_win_64/winavr/bin/../lib/gcc/avr/4.3.3/avr5\libgcc.a(_lt_sf.o)
 .bss           0x008001ca        0x0 d:/iti_es_basics/softwares/01- imt sdk/imt_sdk_win_64/winavr/bin/../lib/gcc/avr/4.3.3/avr5\libgcc.a(_si_to_sf.o)
 .bss           0x008001ca        0x0 d:/iti_es_basics/softwares/01- imt sdk/imt_sdk_win_64/winavr/bin/../lib/gcc/avr/4.3.3/avr5\libgcc.a(_sf_to_si.o)
 .bss           0x008001ca        0x0 d:/iti_es_basics/softwares/01- imt sdk/imt_sdk_win_64/winavr/bin/../lib/gcc/avr/4.3.3/avr5\libgcc.a(_thenan_sf.o)
 .bss           0x008001ca        0x0 d:/iti_es_basics/softwares/01- imt sdk/imt_sdk_win_64/winavr/bin/../lib/gcc/avr/4.3.3/avr5\libgcc.a(_prologue.o)
 .bss           0x008001ca        0x0 d:/iti_es_basics/softwares/01- imt sdk/imt_sdk_win_64/winavr/bin/../lib/gcc/avr/4.3.3/avr5\libgcc.a(_epilogue.o)
 .bss           0x008001ca        0x0 d:/iti_es_basics/softwares/01- imt sdk/imt_sdk_win_64/winavr/bin/../lib/gcc/avr/4.3.3/avr5\libgcc.a(_clzsi2.o)
 .bss           0x008001ca        0x0 d:/iti_es_basics/softwares/01- imt sdk/imt_sdk_win_64/winavr/bin/../lib/gcc/avr/4.3.3/avr5\libgcc.a(_pack_sf.o)
 .bss           0x008001ca        0x0 d:/iti_es_basics/softwares/01- imt sdk/imt_sdk_win_64/winavr/bin/../lib/gcc/avr/4.3.3/avr5\libgcc.a(_unpack_sf.o)
 .bss           0x008001ca        0x0 d:/iti_es_basics/softwares/01- imt sdk/imt_sdk_win_64/winavr/bin/../lib/gcc/avr/4.3.3/avr5\libgcc.a(_fpcmp_parts_sf.o)
 .bss           0x008001ca        0x0 d:/iti_es_basics/softwares/01- imt sdk/imt_sdk_win_64/winavr/bin/../lib/gcc/avr/4.3.3/avr5\libgcc.a(_clz.o)
 .bss           0x008001ca        0x0 d:/iti_es_basics/softwares/01- imt sdk/imt_sdk_win_64/winavr/bin/../lib/gcc/avr/4.3.3/../../../../avr/lib/avr5\libc.a(strcmp.o)
 .bss           0x008001ca        0x0 d:/iti_es_basics/softwares/01- imt sdk/imt_sdk_win_64/winavr/bin/../lib/gcc/avr/4.3.3/../../../../avr/lib/avr5\libc.a(strcpy.o)
 *(.bss*)
 .bss.Local_u16Ticks.1270
                0x008001ca        0x2 ./RTOS_Stack/RTOS.o
 .bss.RTOS_tasks_array_index
                0x008001cc        0x1 ./LIB/RTOS/RTOS.o
                0x008001cc                RTOS_tasks_array_index
 .bss.TravelTime
                0x008001cd        0x2 ./HAL/UltraSonic/Ultrasonic.o
                0x008001cd                TravelTime
 .bss.capture_count.1338
                0x008001cf        0x1 ./HAL/UltraSonic/Ultrasonic.o
 .bss.start_time.1337
                0x008001d0        0x2 ./HAL/UltraSonic/Ultrasonic.o
 .bss.distance_cm
                0x008001d2        0x4 ./main.o
                0x008001d2                distance_cm
 .bss.speed     0x008001d6        0x4 ./main.o
                0x008001d6                speed
 *(COMMON)
 COMMON         0x008001da        0xc ./RTOS_Stack/RTOS.o
                0x008001da                RTOS_arrStrTasks
 COMMON         0x008001e6        0x2 ./RTOS_Stack/TIM0.o
                0x008001e6                TIM0_pfTIM0Cmp
 COMMON         0x008001e8        0x4 ./MCAL/TIMER2/TIM2.o
                0x008001e8                TIM2_pfTIM2Cmp
                0x008001ea                TIM2_pfTIM2Ovf
 COMMON         0x008001ec        0x2 ./MCAL/TIMER0/TIM0.o
                0x008001ec                TIM0_pfTIM0Ovf
 COMMON         0x008001ee        0x2 ./MCAL/ICU/ICU.o
                0x008001ee                ICU_pf
 COMMON         0x008001f0       0xb4 ./LIB/RTOS/RTOS.o
                0x008001f0                RTOS_tasks_array
 COMMON         0x008002a4        0x1 ./main.o
                0x008002a4                direction
                0x008002a5                PROVIDE (__bss_end, .)
                0x000044b0                __data_load_start = LOADADDR (.data)
                0x0000461a                __data_load_end = (__data_load_start + SIZEOF (.data))

.noinit         0x008002a5        0x0
                0x008002a5                PROVIDE (__noinit_start, .)
 *(.noinit*)
                0x008002a5                PROVIDE (__noinit_end, .)
                0x008002a5                _end = .
                0x008002a5                PROVIDE (__heap_start, .)

.eeprom         0x00810000        0x0
 *(.eeprom*)
                0x00810000                __eeprom_end = .

.fuse
 *(.fuse)
 *(.lfuse)
 *(.hfuse)
 *(.efuse)

.lock
 *(.lock*)

.signature
 *(.signature*)

.stab           0x00000000     0x4674
 *(.stab)
 .stab          0x00000000      0x504 ./RTOS_Stack/RTOS.o
 .stab          0x00000504      0x294 ./RTOS_Stack/TIM0.o
                                0x4ec (size before relaxing)
 .stab          0x00000798      0x5c4 ./MCAL/TIMER2/TIM2.o
                                0x780 (size before relaxing)
 .stab          0x00000d5c      0x5c4 ./MCAL/TIMER0/TIM0.o
                                0x780 (size before relaxing)
 .stab          0x00001320      0x39c ./MCAL/INT/INT.o
                                0x558 (size before relaxing)
 .stab          0x000016bc      0x36c ./MCAL/ICU/ICU.o
                                0x528 (size before relaxing)
 .stab          0x00001a28      0x540 ./MCAL/DIO/DIO.o
                                0x6fc (size before relaxing)
 .stab          0x00001f68      0x2dc ./MCAL/ADC/ADC.o
                                0x498 (size before relaxing)
 .stab          0x00002244      0x4c8 ./LIB/RTOS/RTOS.o
                                0x4d4 (size before relaxing)
 .stab          0x0000270c      0x5ac ./HAL/UltraSonic/Ultrasonic.o
                                0x768 (size before relaxing)
 .stab          0x00002cb8      0xc78 ./HAL/LCD/LCD.o
                                0xe34 (size before relaxing)
 .stab          0x00003930      0x3cc ./HAL/DCMotor/DCMotor.o
                                0x588 (size before relaxing)
 .stab          0x00003cfc       0xd8 ./.metadata/.plugins/org.eclipse.cdt.make.core/specs.o
                                 0xe4 (size before relaxing)
 .stab          0x00003dd4      0x8a0 ./main.o
                                0xa5c (size before relaxing)

.stabstr        0x00000000     0x1fe1
 *(.stabstr)
 .stabstr       0x00000000     0x1fe1 ./RTOS_Stack/RTOS.o

.stab.excl
 *(.stab.excl)

.stab.exclstr
 *(.stab.exclstr)

.stab.index
 *(.stab.index)

.stab.indexstr
 *(.stab.indexstr)

.comment
 *(.comment)

.debug
 *(.debug)

.line
 *(.line)

.debug_srcinfo
 *(.debug_srcinfo)

.debug_sfnames
 *(.debug_sfnames)

.debug_aranges  0x00000000      0x1a0
 *(.debug_aranges)
 .debug_aranges
                0x00000000       0x20 d:/iti_es_basics/softwares/01- imt sdk/imt_sdk_win_64/winavr/bin/../lib/gcc/avr/4.3.3/avr5\libgcc.a(_fixunssfsi.o)
 .debug_aranges
                0x00000020       0x20 d:/iti_es_basics/softwares/01- imt sdk/imt_sdk_win_64/winavr/bin/../lib/gcc/avr/4.3.3/avr5\libgcc.a(_addsub_sf.o)
 .debug_aranges
                0x00000040       0x20 d:/iti_es_basics/softwares/01- imt sdk/imt_sdk_win_64/winavr/bin/../lib/gcc/avr/4.3.3/avr5\libgcc.a(_mul_sf.o)
 .debug_aranges
                0x00000060       0x20 d:/iti_es_basics/softwares/01- imt sdk/imt_sdk_win_64/winavr/bin/../lib/gcc/avr/4.3.3/avr5\libgcc.a(_div_sf.o)
 .debug_aranges
                0x00000080       0x20 d:/iti_es_basics/softwares/01- imt sdk/imt_sdk_win_64/winavr/bin/../lib/gcc/avr/4.3.3/avr5\libgcc.a(_gt_sf.o)
 .debug_aranges
                0x000000a0       0x20 d:/iti_es_basics/softwares/01- imt sdk/imt_sdk_win_64/winavr/bin/../lib/gcc/avr/4.3.3/avr5\libgcc.a(_ge_sf.o)
 .debug_aranges
                0x000000c0       0x20 d:/iti_es_basics/softwares/01- imt sdk/imt_sdk_win_64/winavr/bin/../lib/gcc/avr/4.3.3/avr5\libgcc.a(_lt_sf.o)
 .debug_aranges
                0x000000e0       0x20 d:/iti_es_basics/softwares/01- imt sdk/imt_sdk_win_64/winavr/bin/../lib/gcc/avr/4.3.3/avr5\libgcc.a(_si_to_sf.o)
 .debug_aranges
                0x00000100       0x20 d:/iti_es_basics/softwares/01- imt sdk/imt_sdk_win_64/winavr/bin/../lib/gcc/avr/4.3.3/avr5\libgcc.a(_sf_to_si.o)
 .debug_aranges
                0x00000120       0x20 d:/iti_es_basics/softwares/01- imt sdk/imt_sdk_win_64/winavr/bin/../lib/gcc/avr/4.3.3/avr5\libgcc.a(_clzsi2.o)
 .debug_aranges
                0x00000140       0x20 d:/iti_es_basics/softwares/01- imt sdk/imt_sdk_win_64/winavr/bin/../lib/gcc/avr/4.3.3/avr5\libgcc.a(_pack_sf.o)
 .debug_aranges
                0x00000160       0x20 d:/iti_es_basics/softwares/01- imt sdk/imt_sdk_win_64/winavr/bin/../lib/gcc/avr/4.3.3/avr5\libgcc.a(_unpack_sf.o)
 .debug_aranges
                0x00000180       0x20 d:/iti_es_basics/softwares/01- imt sdk/imt_sdk_win_64/winavr/bin/../lib/gcc/avr/4.3.3/avr5\libgcc.a(_fpcmp_parts_sf.o)

.debug_pubnames
                0x00000000      0x1f0
 *(.debug_pubnames)
 .debug_pubnames
                0x00000000       0x23 d:/iti_es_basics/softwares/01- imt sdk/imt_sdk_win_64/winavr/bin/../lib/gcc/avr/4.3.3/avr5\libgcc.a(_fixunssfsi.o)
 .debug_pubnames
                0x00000023       0x2c d:/iti_es_basics/softwares/01- imt sdk/imt_sdk_win_64/winavr/bin/../lib/gcc/avr/4.3.3/avr5\libgcc.a(_addsub_sf.o)
 .debug_pubnames
                0x0000004f       0x1f d:/iti_es_basics/softwares/01- imt sdk/imt_sdk_win_64/winavr/bin/../lib/gcc/avr/4.3.3/avr5\libgcc.a(_mul_sf.o)
 .debug_pubnames
                0x0000006e       0x1f d:/iti_es_basics/softwares/01- imt sdk/imt_sdk_win_64/winavr/bin/../lib/gcc/avr/4.3.3/avr5\libgcc.a(_div_sf.o)
 .debug_pubnames
                0x0000008d       0x1e d:/iti_es_basics/softwares/01- imt sdk/imt_sdk_win_64/winavr/bin/../lib/gcc/avr/4.3.3/avr5\libgcc.a(_gt_sf.o)
 .debug_pubnames
                0x000000ab       0x1e d:/iti_es_basics/softwares/01- imt sdk/imt_sdk_win_64/winavr/bin/../lib/gcc/avr/4.3.3/avr5\libgcc.a(_ge_sf.o)
 .debug_pubnames
                0x000000c9       0x1e d:/iti_es_basics/softwares/01- imt sdk/imt_sdk_win_64/winavr/bin/../lib/gcc/avr/4.3.3/avr5\libgcc.a(_lt_sf.o)
 .debug_pubnames
                0x000000e7       0x22 d:/iti_es_basics/softwares/01- imt sdk/imt_sdk_win_64/winavr/bin/../lib/gcc/avr/4.3.3/avr5\libgcc.a(_si_to_sf.o)
 .debug_pubnames
                0x00000109       0x20 d:/iti_es_basics/softwares/01- imt sdk/imt_sdk_win_64/winavr/bin/../lib/gcc/avr/4.3.3/avr5\libgcc.a(_sf_to_si.o)
 .debug_pubnames
                0x00000129       0x22 d:/iti_es_basics/softwares/01- imt sdk/imt_sdk_win_64/winavr/bin/../lib/gcc/avr/4.3.3/avr5\libgcc.a(_thenan_sf.o)
 .debug_pubnames
                0x0000014b       0x1f d:/iti_es_basics/softwares/01- imt sdk/imt_sdk_win_64/winavr/bin/../lib/gcc/avr/4.3.3/avr5\libgcc.a(_clzsi2.o)
 .debug_pubnames
                0x0000016a       0x1f d:/iti_es_basics/softwares/01- imt sdk/imt_sdk_win_64/winavr/bin/../lib/gcc/avr/4.3.3/avr5\libgcc.a(_pack_sf.o)
 .debug_pubnames
                0x00000189       0x21 d:/iti_es_basics/softwares/01- imt sdk/imt_sdk_win_64/winavr/bin/../lib/gcc/avr/4.3.3/avr5\libgcc.a(_unpack_sf.o)
 .debug_pubnames
                0x000001aa       0x26 d:/iti_es_basics/softwares/01- imt sdk/imt_sdk_win_64/winavr/bin/../lib/gcc/avr/4.3.3/avr5\libgcc.a(_fpcmp_parts_sf.o)
 .debug_pubnames
                0x000001d0       0x20 d:/iti_es_basics/softwares/01- imt sdk/imt_sdk_win_64/winavr/bin/../lib/gcc/avr/4.3.3/avr5\libgcc.a(_clz.o)

.debug_info     0x00000000     0x240c
 *(.debug_info)
 .debug_info    0x00000000       0xb1 d:/iti_es_basics/softwares/01- imt sdk/imt_sdk_win_64/winavr/bin/../lib/gcc/avr/4.3.3/avr5\libgcc.a(_fixunssfsi.o)
 .debug_info    0x000000b1      0x47a d:/iti_es_basics/softwares/01- imt sdk/imt_sdk_win_64/winavr/bin/../lib/gcc/avr/4.3.3/avr5\libgcc.a(_addsub_sf.o)
 .debug_info    0x0000052b      0x485 d:/iti_es_basics/softwares/01- imt sdk/imt_sdk_win_64/winavr/bin/../lib/gcc/avr/4.3.3/avr5\libgcc.a(_mul_sf.o)
 .debug_info    0x000009b0      0x3fc d:/iti_es_basics/softwares/01- imt sdk/imt_sdk_win_64/winavr/bin/../lib/gcc/avr/4.3.3/avr5\libgcc.a(_div_sf.o)
 .debug_info    0x00000dac      0x27f d:/iti_es_basics/softwares/01- imt sdk/imt_sdk_win_64/winavr/bin/../lib/gcc/avr/4.3.3/avr5\libgcc.a(_gt_sf.o)
 .debug_info    0x0000102b      0x27f d:/iti_es_basics/softwares/01- imt sdk/imt_sdk_win_64/winavr/bin/../lib/gcc/avr/4.3.3/avr5\libgcc.a(_ge_sf.o)
 .debug_info    0x000012aa      0x27f d:/iti_es_basics/softwares/01- imt sdk/imt_sdk_win_64/winavr/bin/../lib/gcc/avr/4.3.3/avr5\libgcc.a(_lt_sf.o)
 .debug_info    0x00001529      0x207 d:/iti_es_basics/softwares/01- imt sdk/imt_sdk_win_64/winavr/bin/../lib/gcc/avr/4.3.3/avr5\libgcc.a(_si_to_sf.o)
 .debug_info    0x00001730      0x2b0 d:/iti_es_basics/softwares/01- imt sdk/imt_sdk_win_64/winavr/bin/../lib/gcc/avr/4.3.3/avr5\libgcc.a(_sf_to_si.o)
 .debug_info    0x000019e0      0x12c d:/iti_es_basics/softwares/01- imt sdk/imt_sdk_win_64/winavr/bin/../lib/gcc/avr/4.3.3/avr5\libgcc.a(_thenan_sf.o)
 .debug_info    0x00001b0c      0x117 d:/iti_es_basics/softwares/01- imt sdk/imt_sdk_win_64/winavr/bin/../lib/gcc/avr/4.3.3/avr5\libgcc.a(_clzsi2.o)
 .debug_info    0x00001c23      0x2df d:/iti_es_basics/softwares/01- imt sdk/imt_sdk_win_64/winavr/bin/../lib/gcc/avr/4.3.3/avr5\libgcc.a(_pack_sf.o)
 .debug_info    0x00001f02      0x251 d:/iti_es_basics/softwares/01- imt sdk/imt_sdk_win_64/winavr/bin/../lib/gcc/avr/4.3.3/avr5\libgcc.a(_unpack_sf.o)
 .debug_info    0x00002153      0x210 d:/iti_es_basics/softwares/01- imt sdk/imt_sdk_win_64/winavr/bin/../lib/gcc/avr/4.3.3/avr5\libgcc.a(_fpcmp_parts_sf.o)
 .debug_info    0x00002363       0xa9 d:/iti_es_basics/softwares/01- imt sdk/imt_sdk_win_64/winavr/bin/../lib/gcc/avr/4.3.3/avr5\libgcc.a(_clz.o)
 *(.gnu.linkonce.wi.*)

.debug_abbrev   0x00000000     0x1377
 *(.debug_abbrev)
 .debug_abbrev  0x00000000       0x5d d:/iti_es_basics/softwares/01- imt sdk/imt_sdk_win_64/winavr/bin/../lib/gcc/avr/4.3.3/avr5\libgcc.a(_fixunssfsi.o)
 .debug_abbrev  0x0000005d      0x1ea d:/iti_es_basics/softwares/01- imt sdk/imt_sdk_win_64/winavr/bin/../lib/gcc/avr/4.3.3/avr5\libgcc.a(_addsub_sf.o)
 .debug_abbrev  0x00000247      0x21b d:/iti_es_basics/softwares/01- imt sdk/imt_sdk_win_64/winavr/bin/../lib/gcc/avr/4.3.3/avr5\libgcc.a(_mul_sf.o)
 .debug_abbrev  0x00000462      0x216 d:/iti_es_basics/softwares/01- imt sdk/imt_sdk_win_64/winavr/bin/../lib/gcc/avr/4.3.3/avr5\libgcc.a(_div_sf.o)
 .debug_abbrev  0x00000678      0x15a d:/iti_es_basics/softwares/01- imt sdk/imt_sdk_win_64/winavr/bin/../lib/gcc/avr/4.3.3/avr5\libgcc.a(_gt_sf.o)
 .debug_abbrev  0x000007d2      0x15a d:/iti_es_basics/softwares/01- imt sdk/imt_sdk_win_64/winavr/bin/../lib/gcc/avr/4.3.3/avr5\libgcc.a(_ge_sf.o)
 .debug_abbrev  0x0000092c      0x15a d:/iti_es_basics/softwares/01- imt sdk/imt_sdk_win_64/winavr/bin/../lib/gcc/avr/4.3.3/avr5\libgcc.a(_lt_sf.o)
 .debug_abbrev  0x00000a86      0x148 d:/iti_es_basics/softwares/01- imt sdk/imt_sdk_win_64/winavr/bin/../lib/gcc/avr/4.3.3/avr5\libgcc.a(_si_to_sf.o)
 .debug_abbrev  0x00000bce      0x17f d:/iti_es_basics/softwares/01- imt sdk/imt_sdk_win_64/winavr/bin/../lib/gcc/avr/4.3.3/avr5\libgcc.a(_sf_to_si.o)
 .debug_abbrev  0x00000d4d       0xad d:/iti_es_basics/softwares/01- imt sdk/imt_sdk_win_64/winavr/bin/../lib/gcc/avr/4.3.3/avr5\libgcc.a(_thenan_sf.o)
 .debug_abbrev  0x00000dfa       0xc4 d:/iti_es_basics/softwares/01- imt sdk/imt_sdk_win_64/winavr/bin/../lib/gcc/avr/4.3.3/avr5\libgcc.a(_clzsi2.o)
 .debug_abbrev  0x00000ebe      0x1c0 d:/iti_es_basics/softwares/01- imt sdk/imt_sdk_win_64/winavr/bin/../lib/gcc/avr/4.3.3/avr5\libgcc.a(_pack_sf.o)
 .debug_abbrev  0x0000107e      0x154 d:/iti_es_basics/softwares/01- imt sdk/imt_sdk_win_64/winavr/bin/../lib/gcc/avr/4.3.3/avr5\libgcc.a(_unpack_sf.o)
 .debug_abbrev  0x000011d2      0x13b d:/iti_es_basics/softwares/01- imt sdk/imt_sdk_win_64/winavr/bin/../lib/gcc/avr/4.3.3/avr5\libgcc.a(_fpcmp_parts_sf.o)
 .debug_abbrev  0x0000130d       0x6a d:/iti_es_basics/softwares/01- imt sdk/imt_sdk_win_64/winavr/bin/../lib/gcc/avr/4.3.3/avr5\libgcc.a(_clz.o)

.debug_line     0x00000000     0x11d8
 *(.debug_line)
 .debug_line    0x00000000       0xa7 d:/iti_es_basics/softwares/01- imt sdk/imt_sdk_win_64/winavr/bin/../lib/gcc/avr/4.3.3/avr5\libgcc.a(_fixunssfsi.o)
 .debug_line    0x000000a7      0x2af d:/iti_es_basics/softwares/01- imt sdk/imt_sdk_win_64/winavr/bin/../lib/gcc/avr/4.3.3/avr5\libgcc.a(_addsub_sf.o)
 .debug_line    0x00000356      0x239 d:/iti_es_basics/softwares/01- imt sdk/imt_sdk_win_64/winavr/bin/../lib/gcc/avr/4.3.3/avr5\libgcc.a(_mul_sf.o)
 .debug_line    0x0000058f      0x1d5 d:/iti_es_basics/softwares/01- imt sdk/imt_sdk_win_64/winavr/bin/../lib/gcc/avr/4.3.3/avr5\libgcc.a(_div_sf.o)
 .debug_line    0x00000764       0xd3 d:/iti_es_basics/softwares/01- imt sdk/imt_sdk_win_64/winavr/bin/../lib/gcc/avr/4.3.3/avr5\libgcc.a(_gt_sf.o)
 .debug_line    0x00000837       0xd3 d:/iti_es_basics/softwares/01- imt sdk/imt_sdk_win_64/winavr/bin/../lib/gcc/avr/4.3.3/avr5\libgcc.a(_ge_sf.o)
 .debug_line    0x0000090a       0xd3 d:/iti_es_basics/softwares/01- imt sdk/imt_sdk_win_64/winavr/bin/../lib/gcc/avr/4.3.3/avr5\libgcc.a(_lt_sf.o)
 .debug_line    0x000009dd      0x135 d:/iti_es_basics/softwares/01- imt sdk/imt_sdk_win_64/winavr/bin/../lib/gcc/avr/4.3.3/avr5\libgcc.a(_si_to_sf.o)
 .debug_line    0x00000b12      0x109 d:/iti_es_basics/softwares/01- imt sdk/imt_sdk_win_64/winavr/bin/../lib/gcc/avr/4.3.3/avr5\libgcc.a(_sf_to_si.o)
 .debug_line    0x00000c1b       0x90 d:/iti_es_basics/softwares/01- imt sdk/imt_sdk_win_64/winavr/bin/../lib/gcc/avr/4.3.3/avr5\libgcc.a(_thenan_sf.o)
 .debug_line    0x00000cab       0xa5 d:/iti_es_basics/softwares/01- imt sdk/imt_sdk_win_64/winavr/bin/../lib/gcc/avr/4.3.3/avr5\libgcc.a(_clzsi2.o)
 .debug_line    0x00000d50      0x18a d:/iti_es_basics/softwares/01- imt sdk/imt_sdk_win_64/winavr/bin/../lib/gcc/avr/4.3.3/avr5\libgcc.a(_pack_sf.o)
 .debug_line    0x00000eda      0x14b d:/iti_es_basics/softwares/01- imt sdk/imt_sdk_win_64/winavr/bin/../lib/gcc/avr/4.3.3/avr5\libgcc.a(_unpack_sf.o)
 .debug_line    0x00001025      0x137 d:/iti_es_basics/softwares/01- imt sdk/imt_sdk_win_64/winavr/bin/../lib/gcc/avr/4.3.3/avr5\libgcc.a(_fpcmp_parts_sf.o)
 .debug_line    0x0000115c       0x7c d:/iti_es_basics/softwares/01- imt sdk/imt_sdk_win_64/winavr/bin/../lib/gcc/avr/4.3.3/avr5\libgcc.a(_clz.o)

.debug_frame    0x00000000      0x1c0
 *(.debug_frame)
 .debug_frame   0x00000000       0x20 d:/iti_es_basics/softwares/01- imt sdk/imt_sdk_win_64/winavr/bin/../lib/gcc/avr/4.3.3/avr5\libgcc.a(_fixunssfsi.o)
 .debug_frame   0x00000020       0x40 d:/iti_es_basics/softwares/01- imt sdk/imt_sdk_win_64/winavr/bin/../lib/gcc/avr/4.3.3/avr5\libgcc.a(_addsub_sf.o)
 .debug_frame   0x00000060       0x20 d:/iti_es_basics/softwares/01- imt sdk/imt_sdk_win_64/winavr/bin/../lib/gcc/avr/4.3.3/avr5\libgcc.a(_mul_sf.o)
 .debug_frame   0x00000080       0x20 d:/iti_es_basics/softwares/01- imt sdk/imt_sdk_win_64/winavr/bin/../lib/gcc/avr/4.3.3/avr5\libgcc.a(_div_sf.o)
 .debug_frame   0x000000a0       0x20 d:/iti_es_basics/softwares/01- imt sdk/imt_sdk_win_64/winavr/bin/../lib/gcc/avr/4.3.3/avr5\libgcc.a(_gt_sf.o)
 .debug_frame   0x000000c0       0x20 d:/iti_es_basics/softwares/01- imt sdk/imt_sdk_win_64/winavr/bin/../lib/gcc/avr/4.3.3/avr5\libgcc.a(_ge_sf.o)
 .debug_frame   0x000000e0       0x20 d:/iti_es_basics/softwares/01- imt sdk/imt_sdk_win_64/winavr/bin/../lib/gcc/avr/4.3.3/avr5\libgcc.a(_lt_sf.o)
 .debug_frame   0x00000100       0x20 d:/iti_es_basics/softwares/01- imt sdk/imt_sdk_win_64/winavr/bin/../lib/gcc/avr/4.3.3/avr5\libgcc.a(_si_to_sf.o)
 .debug_frame   0x00000120       0x20 d:/iti_es_basics/softwares/01- imt sdk/imt_sdk_win_64/winavr/bin/../lib/gcc/avr/4.3.3/avr5\libgcc.a(_sf_to_si.o)
 .debug_frame   0x00000140       0x20 d:/iti_es_basics/softwares/01- imt sdk/imt_sdk_win_64/winavr/bin/../lib/gcc/avr/4.3.3/avr5\libgcc.a(_clzsi2.o)
 .debug_frame   0x00000160       0x20 d:/iti_es_basics/softwares/01- imt sdk/imt_sdk_win_64/winavr/bin/../lib/gcc/avr/4.3.3/avr5\libgcc.a(_pack_sf.o)
 .debug_frame   0x00000180       0x20 d:/iti_es_basics/softwares/01- imt sdk/imt_sdk_win_64/winavr/bin/../lib/gcc/avr/4.3.3/avr5\libgcc.a(_unpack_sf.o)
 .debug_frame   0x000001a0       0x20 d:/iti_es_basics/softwares/01- imt sdk/imt_sdk_win_64/winavr/bin/../lib/gcc/avr/4.3.3/avr5\libgcc.a(_fpcmp_parts_sf.o)

.debug_str      0x00000000      0x2f3
 *(.debug_str)
 .debug_str     0x00000000       0xbf d:/iti_es_basics/softwares/01- imt sdk/imt_sdk_win_64/winavr/bin/../lib/gcc/avr/4.3.3/avr5\libgcc.a(_fixunssfsi.o)
                                 0xfe (size before relaxing)
 .debug_str     0x000000bf      0x14d d:/iti_es_basics/softwares/01- imt sdk/imt_sdk_win_64/winavr/bin/../lib/gcc/avr/4.3.3/avr5\libgcc.a(_addsub_sf.o)
                                0x206 (size before relaxing)
 .debug_str     0x0000020c       0x27 d:/iti_es_basics/softwares/01- imt sdk/imt_sdk_win_64/winavr/bin/../lib/gcc/avr/4.3.3/avr5\libgcc.a(_mul_sf.o)
                                0x1bf (size before relaxing)
 .debug_str     0x00000233       0x35 d:/iti_es_basics/softwares/01- imt sdk/imt_sdk_win_64/winavr/bin/../lib/gcc/avr/4.3.3/avr5\libgcc.a(_div_sf.o)
                                0x1c8 (size before relaxing)
 .debug_str     0x00000268        0x8 d:/iti_es_basics/softwares/01- imt sdk/imt_sdk_win_64/winavr/bin/../lib/gcc/avr/4.3.3/avr5\libgcc.a(_gt_sf.o)
                                0x195 (size before relaxing)
 .debug_str     0x00000270        0x8 d:/iti_es_basics/softwares/01- imt sdk/imt_sdk_win_64/winavr/bin/../lib/gcc/avr/4.3.3/avr5\libgcc.a(_ge_sf.o)
                                0x195 (size before relaxing)
 .debug_str     0x00000278        0x8 d:/iti_es_basics/softwares/01- imt sdk/imt_sdk_win_64/winavr/bin/../lib/gcc/avr/4.3.3/avr5\libgcc.a(_lt_sf.o)
                                0x195 (size before relaxing)
 .debug_str     0x00000280       0x1e d:/iti_es_basics/softwares/01- imt sdk/imt_sdk_win_64/winavr/bin/../lib/gcc/avr/4.3.3/avr5\libgcc.a(_si_to_sf.o)
                                0x17b (size before relaxing)
 .debug_str     0x0000029e        0xa d:/iti_es_basics/softwares/01- imt sdk/imt_sdk_win_64/winavr/bin/../lib/gcc/avr/4.3.3/avr5\libgcc.a(_sf_to_si.o)
                                0x19e (size before relaxing)
 .debug_str     0x00000000      0x103 d:/iti_es_basics/softwares/01- imt sdk/imt_sdk_win_64/winavr/bin/../lib/gcc/avr/4.3.3/avr5\libgcc.a(_thenan_sf.o)
 .debug_str     0x000002a8       0x20 d:/iti_es_basics/softwares/01- imt sdk/imt_sdk_win_64/winavr/bin/../lib/gcc/avr/4.3.3/avr5\libgcc.a(_clzsi2.o)
                                0x111 (size before relaxing)
 .debug_str     0x000002c8       0x10 d:/iti_es_basics/softwares/01- imt sdk/imt_sdk_win_64/winavr/bin/../lib/gcc/avr/4.3.3/avr5\libgcc.a(_pack_sf.o)
                                0x19d (size before relaxing)
 .debug_str     0x000002d8        0xb d:/iti_es_basics/softwares/01- imt sdk/imt_sdk_win_64/winavr/bin/../lib/gcc/avr/4.3.3/avr5\libgcc.a(_unpack_sf.o)
                                0x17f (size before relaxing)
 .debug_str     0x000002e3       0x10 d:/iti_es_basics/softwares/01- imt sdk/imt_sdk_win_64/winavr/bin/../lib/gcc/avr/4.3.3/avr5\libgcc.a(_fpcmp_parts_sf.o)
                                0x163 (size before relaxing)
 .debug_str     0x00000000       0xf4 d:/iti_es_basics/softwares/01- imt sdk/imt_sdk_win_64/winavr/bin/../lib/gcc/avr/4.3.3/avr5\libgcc.a(_clz.o)

.debug_loc      0x00000000      0x9ce
 *(.debug_loc)
 .debug_loc     0x00000000       0x34 d:/iti_es_basics/softwares/01- imt sdk/imt_sdk_win_64/winavr/bin/../lib/gcc/avr/4.3.3/avr5\libgcc.a(_fixunssfsi.o)
 .debug_loc     0x00000034      0x32a d:/iti_es_basics/softwares/01- imt sdk/imt_sdk_win_64/winavr/bin/../lib/gcc/avr/4.3.3/avr5\libgcc.a(_addsub_sf.o)
 .debug_loc     0x0000035e      0x104 d:/iti_es_basics/softwares/01- imt sdk/imt_sdk_win_64/winavr/bin/../lib/gcc/avr/4.3.3/avr5\libgcc.a(_mul_sf.o)
 .debug_loc     0x00000462       0xc0 d:/iti_es_basics/softwares/01- imt sdk/imt_sdk_win_64/winavr/bin/../lib/gcc/avr/4.3.3/avr5\libgcc.a(_div_sf.o)
 .debug_loc     0x00000522       0x3c d:/iti_es_basics/softwares/01- imt sdk/imt_sdk_win_64/winavr/bin/../lib/gcc/avr/4.3.3/avr5\libgcc.a(_gt_sf.o)
 .debug_loc     0x0000055e       0x3c d:/iti_es_basics/softwares/01- imt sdk/imt_sdk_win_64/winavr/bin/../lib/gcc/avr/4.3.3/avr5\libgcc.a(_ge_sf.o)
 .debug_loc     0x0000059a       0x3c d:/iti_es_basics/softwares/01- imt sdk/imt_sdk_win_64/winavr/bin/../lib/gcc/avr/4.3.3/avr5\libgcc.a(_lt_sf.o)
 .debug_loc     0x000005d6       0xac d:/iti_es_basics/softwares/01- imt sdk/imt_sdk_win_64/winavr/bin/../lib/gcc/avr/4.3.3/avr5\libgcc.a(_si_to_sf.o)
 .debug_loc     0x00000682       0x7e d:/iti_es_basics/softwares/01- imt sdk/imt_sdk_win_64/winavr/bin/../lib/gcc/avr/4.3.3/avr5\libgcc.a(_sf_to_si.o)
 .debug_loc     0x00000700       0x94 d:/iti_es_basics/softwares/01- imt sdk/imt_sdk_win_64/winavr/bin/../lib/gcc/avr/4.3.3/avr5\libgcc.a(_clzsi2.o)
 .debug_loc     0x00000794      0x13e d:/iti_es_basics/softwares/01- imt sdk/imt_sdk_win_64/winavr/bin/../lib/gcc/avr/4.3.3/avr5\libgcc.a(_pack_sf.o)
 .debug_loc     0x000008d2       0xac d:/iti_es_basics/softwares/01- imt sdk/imt_sdk_win_64/winavr/bin/../lib/gcc/avr/4.3.3/avr5\libgcc.a(_unpack_sf.o)
 .debug_loc     0x0000097e       0x50 d:/iti_es_basics/softwares/01- imt sdk/imt_sdk_win_64/winavr/bin/../lib/gcc/avr/4.3.3/avr5\libgcc.a(_fpcmp_parts_sf.o)

.debug_macinfo
 *(.debug_macinfo)
OUTPUT(Collision_Avoidance.elf elf32-avr)
LOAD linker stubs

.debug_ranges   0x00000000       0x50
 .debug_ranges  0x00000000       0x50 d:/iti_es_basics/softwares/01- imt sdk/imt_sdk_win_64/winavr/bin/../lib/gcc/avr/4.3.3/avr5\libgcc.a(_mul_sf.o)
